src/components/EventVolunteersList.tsx(140,19): error TS2322: Type '{ id: string; userId: string; shiftId: string; eventId: string; status: string; attendance: any; requestedAt: string; shift: any; }[]' is not assignable to type 'Booking[]'.
  Type '{ id: string; userId: string; shiftId: string; eventId: string; status: string; attendance: any; requestedAt: string; shift: any; }' is not assignable to type 'Booking'.
    Types of property 'status' are incompatible.
      Type 'string' is not assignable to type '"confirmed" | "cancellation_requested" | "cancelled" | "waitlist" | "pending_approval"'.
src/components/ShiftManagement.tsx(129,13): error TS2353: Object literal may only specify known properties, and 'availableVacancies' does not exist in type 'SetStateAction<{ date: string; startTime: string; endTime: string; roleId: string; totalVacancies: number; }>'.
